                                   Operators task
                                 ------------------

                                                        SOLVED BY - KIRAN BURANDE (9359510436)



1)Arthematic operators
----------------------
1.write a query to display ename,sal,annsal from emp table?

SQL>SELECT ENAME,SAL, SAL*12 AS ANNSAL FROM EMP;

2.calculate the experience of the all employees?
calculation of experience of emp means :so many date functions are one date function is suitable
for calculating exp i.e sysdate
sysdate:it returns current date of the system in oracle date formatt.in oracle by default date formatt
        is DD-MON-YY

SQL> SELECT ENAME ,TRUNC((SYSDATE-HIREDATE)/365) AS EXPERIENCE FROM EMP;



3.calculate TA,HRA,TAX and GROSS?
10% on sal=>TA
20% on sal=>HRA
5% on sal=>TAx
GROSS =SAL+TA+HRA-TAX


SQL> SELECT ENAME, SAL, (SAL*0.1) AS TA,
  2  (SAL*0.2) AS HRA,
  3  (SAL*0.05) AS TAX,
  4  SAL+(SAL*0.1)+(SAL*0.2)-(SAL*0.05) AS GROSS FROM EMP;



4.To display the all employee salaries after adding 1200 rupees?

SQL> SELECT ENAME,(SAL+1200) AS SAL FROM EMP;

5.create the student as below and insert the records 
   sno      sname      sub1         sub2        sub3 
  -----    -------    ------       ------      ------  
    1      gowtham      72          68          24
    2       kiran       60          50          45
    3       raju        12          30          25
    4       subbu       80          88          74

SQL> CREATE TABLE STUDENT
( SNO  NUMBER(3),
  SNAME VARCHAR2(20),
  SUB1  NUMBER(3),
  SUB2  NUMBER(3),
  SUB3  NUMBER(3));

Q)calculate the total marks of students?

SQL> SELECT SNAME , SUB1+SUB2+SUB3 AS TOTAL_MARKS FROM STUDENTS;


Q)calculate the average marks?

SQL> SELECT SNAME , ROUND((SUB1+SUB2+SUB3)/3,2) AS AVG_MARKS FROM STUDENTS;


-----------------------------------------------------------------------------------------------------
2)Relatinal operators
----------------------
1.display the employee records whose salary is 3000?

SQL> SELECT * FROM EMP WHERE SAL =3000;


2.write a query to display all managers?

Note:oracle is not a case sensitive language.But string comparision is case
     sensitive.

SQL> SELECT * FROM EMP WHERE JOB ='MANAGER';



3.write a query to display the employees who are getting more than 2000 salary
  from emp table?

SQL> SELECT * FROM EMP WHERE SAL > 2000;



4.write a query to display the employees whose sal is 3000 or more?

SQL> SELECT * FROM EMP WHERE SAL >= 3000;


5.wrirte a query to display the employees who are belongs to 10th department
  from emp table?

SQL> SELECT * FROM EMP WHERE DEPTNO = 10 ;


6.display the  employee records whose name is SMITH?

SQL> SELECT * FROM EMP WHERE ENAME = 'SMITH';


7.write a query to display the employees except job as clerk from emp table.

Note: calender order is Ascending order
      1-JAN-2024   min date
      2-JAN-2024
      . 
      .
      31-dec-2024  max date 

SQL> SELECT * FROM EMP WHERE JOB <> 'CLERK' ;


  
8.display the employee records who joined on 17th dec,1980?

SQL> SELECT * FROM EMP WHERE HIREDATE = '17-DEC-1980' ;


9.display the employee record who joined after 1981?

SQL> SELECT * FROM EMP WHERE HIREDATE > '31-DEC-1981' ;


10.display the employee record who joined before 1981?

SQL> SELECT * FROM EMP WHERE HIREDATE < '01-JAN-1981' ;


11.display the employee record who joined after november 1981?

SQL> SELECT * FROM EMP WHERE HIREDATE > '30-NOV-1981' ;



12.write a query to display the employees who are getting more than 30000
   annsal from emp table?

SQL> SELECT * FROM EMP WHERE SAL*12 > 30000;

Note:Generally in all relational databases we are not allowed to use column
     aliasname in where clause.

column aliasname:Is used to change column heading in final output.
.to give column aliasname we use "AS" keyword.using "AS" keyword is optional.
.to give column aliasname as multiple words use " ".
.eg "ann sal"

------------------------------------------------------------------------------------------------------
Logical operators
-----------------
eg)Online shopping(searching for the products)

create the table laptops with sno,cname,price and mfd

     SNO       CNAME              PRICE          MFD
  --------- ----------        ----------      ---------
       1       HP                68000        24-DEC-23
       2      DELL               50000        12-AUG-24
       3     LENOVO              40000        12-JAN-23
       4       HP                44000        08-APR-22
Q)write a query to display laptop detailes whose cname is HP and price is more than 50000?

 SELECT * FROM LAPTOPS WHERE CNAME='HP' AND PRICE > 50000 ;

Q)by using above student table display the passed student records?

 total marks  :100
  pass mark is :35
note:- pass means student got 35 marks in all 3 subjects.
note:- fail means student got below 35 marks in any subject.

SQL> SELECT * FROM STUDENTS WHERE SUB1 >= 35 AND SUB2>=35 AND SUB3>=35;


Q)by using above student table display the failed student records?
  
SQL> SELECT * FROM STUDENTS WHERE SUB1<35 OR SUB2<35 OR SUB3<35;


1.write a query to display the employees whose clerks are getting more than 
  2000 salary from emp table?

SQL> SELECT * FROM EMP WHERE JOB = 'CLERK' AND SAL > 2000;


2.write a query to display the employees whose clerks are belongs to 20th 
  department?

SQL> SELECT * FROM EMP WHERE JOB = 'CLERK' AND DEPTNO = 20 ;


3.display the all managers and clerk?

SQL> SELECT * FROM EMP WHERE JOB = 'MANAGER' OR JOB = 'CLERK' ;


4.write a query to display the employees whose are belongs to 20,30,50,70,90
  departments from emp table?

SQL> SELECT * FROM EMP WHERE DEPTNO IN(20,30,50,70,90);



5.display the employee records whose empnos are 7902,7788,7900?

SQL> SELECT * FROM EMP WHERE EMPNO IN(7902,7788,7900);



6.display the employee records whose names are ALLEN,SMITH AND JAMES?

SQL> SELECT * FROM EMP WHERE ENAME IN('ALLEN','SMITH','JAMES');



7.write a query to display the emp record whose sal between 2450 and 3000?

  SELECT * FROM EMP WHERE SAL BETWEEN 2450 AND 3000 ;


8.display the emp records whose joined in 1981?

SQL>  SELECT * FROM EMP WHERE HIREDATE BETWEEN '01-JAN-1981' AND '31-DEC-1981';


9.display the employee records except manager?

SQL>   SELECT * FROM EMP WHERE JOB <> 'MANAGER' ;

-----------------------------------------------------------------------------------------------------
Special operators
=================
1)In operator 
-----------
1.write a query to display the employees whose are belongs to 20,30,50,70,90 from emp table by using
  in operator.

SQL> SELECT * FROM EMP WHERE DEPTNO IN(20,30,50,70,90);

2.display the employee records whose names are SMITH,JONES,KING?

SQL> SELECT * FROM EMP WHERE DEPTNO IN(20,30,50,70,90);


3.display the employee records whose empnos are 7902,7788,7900?

SQL> SELECT * FROM EMP WHERE EMPNO IN(7902,7788,7900);


4.display the employee records whose sal is 1250,3000,5000?

SQL> SELECT * FROM EMP WHERE SAL IN(1250,3000,5000);


5.display the employee records except MANAGERS and CLERKS?

SQL> SELECT * FROM EMP WHERE JOB NOT IN ('MANAGER','CLERK');


6.write a query to display the employees who are belongs to other than 10,20 from emp table?

SQL> SELECT * FROM EMP WHERE DEPTNO NOT IN (10,20,NULL);


7.   select * from emp
     where deptno not in(10,20,null);
o/p:

------------------------------------------------------------------------------------------------------
2)Between And operator
------------------------
1.write a query to display the employees who are getting salary between 2000 to 5000 from emp table
  by using Between operator.

SQL> SELECT * FROM EMP WHERE SAL BETWEEN 2000 AND 5000;
 

2.write a query to display the employees who are getting salary  not between 2000 - 5000 from emp table
  by using Between operator.
 
SQL> SELECT * FROM EMP WHERE SAL NOT BETWEEN 2000 AND 5000;


3.display the employee records who joined in 1982?

SQL> SELECT * FROM EMP WHERE HIREDATE BETWEEN '01-JAN-1981' AND '31-DEC-1981';


4.display the employee records except joined in 1981?

SQL> SELECT * FROM EMP WHERE HIREDATE NOT BETWEEN '01-JAN-1981' AND '31-DEC-1981';


5 what is the o/p of the following
  select sal Between 5000 and 2000
  A.displays between 2000 & 5000 salaries  <=======
  B.Error
  C.No rows selected
  D.None
-----------------------------------------------------------------------------------------------------
NVL(),NVL2() functons
--------------------

Q) Write a query to display ename, sal, comm, sal+comm of the employees from emp 
table?

SQL> SELECT ENAME, SAL, COMM, SAL+COMM FROM EMP WHERE COMM IS NOT NULL;


Q)update the employee commission with in emp table by using nvl2() based on following conditions?

1.if comm-->null then update
     comm-->500

2.if comm-->not null then update
     comm-->comm+500

 SQL> UPDATE EMP SET COMM = NVL2(COMM,COMM+500,500);



3)is null and is not null
-----------------------

Q) write a query to display the employees who are not getting commission from emp table?

SQL> select * from emp where comm is null or comm=0 ;
 

Q) write a query to display the employees who are getting commission from emp table? 

SQL> SELECT * FROM EMP WHERE COMM IS NOT NULL OR COMM <> 0;


Q)write a query to display the employee record who are not having the manager?

SQL> SELECT * FROM EMP WHERE JOB <> 'MANAGER';


------------------------------------------------------------------------------------------------------
4)like operator
----------------
1) write a query to display the employees whose ename start with M from emp table using
like operator?

SQL> SELECT * FROM EMP WHERE ENAME LIKE 'M%';


2)write a query to display the employees whose ename end with S from emp table using
like operator?

SQL> SELECT * FROM EMP WHERE ENAME LIKE '%S';


3)write a query to display the employee records whose names ended with RD from emp table using
like operator?

SQL> SELECT * FROM EMP WHERE ENAME LIKE '%RD';


4)write a query to display the employee records whose name 2nd character is A?

SQL> SELECT * FROM EMP WHERE ENAME LIKE '_A%';


5)write a query to display the employee records whose name 3rd character is M?

SQL> SELECT * FROM EMP WHERE ENAME LIKE '__M%';


6)write a query to display the employee records whose name has 4 letters?

SQL> SELECT * FROM EMP WHERE ENAME LIKE '____';


7)write a query to display the employees who are getting 3 digit salary?

SQL> SELECT * FROM EMP WHERE SAL LIKE '___';


8)write a query to display the employees who are joining in the year 81 from emp table
using like operator?

SQL> SELECT * FROM EMP WHERE HIREDATE LIKE '%81';


9) write a query to display the employees who are joining in the month December from the 
emp table using like operator.

SQL> SELECT * FROM EMP WHERE HIREDATE LIKE '%DEC%';


10)write a query to display the employees who are joining in JAN or DEC month?

SQL> SELECT * FROM EMP WHERE HIREDATE LIKE '%DEC%' OR HIREDATE LIKE '%JAN%';


11)write a query to display the employee records whose name started and ended with S?

SQL> SELECT * FROM EMP WHERE ENAME LIKE 'S%S';


12)write a query to display the employee records whose name starting and ending with VOWEL?

SQL> SELECT * FROM EMP WHERE ENAME LIKE 'AEIOU%AEIOU';



13)Q) write a query to display the employees whose ename start with S_ from emp table using
like operator?
note insert the records with ename as S_ubbu

SQL> SELECT * FROM EMP WHERE ENAME LIKE 'S\_%';


-----------------------------------------------------------------------------------------------------
concatination operator
----------------------
Q)display the output as following
   SMITH earns 2000
   ALLEN earns 3600

SQL> SELECT TO_CHAR(ENAME||' EARNS '||SAL) AS CON FROM EMP WHERE ENAME IN('SMITH','ALLEN') OR SAL IN(2000,3600);


Q)display the output as following 
   SMITH  works as CLERK
   ALLEN  works as SALESMAN

SQL> SELECT TO_CHAR(ENAME||' work as '||JOB) AS NAME_JOB FROM EMP WHERE ENAME IN('SMITH','ALLEN') ;


Q)combine the two strings NARESH,IT

SQL> SELECT 'NARESH'||'IT' FROM DUAL;


------------------------------------------------------------------------------------------------------
mixed query
-----------
Q)To display employee who are working as a'MANAGER' or 'CLERK' and earning salary between 1500 and 3000
 and joined in 1981 year and not working in deptno 10 or 20?

SQL> SELECT * FROM EMP
  2  WHERE JOB IN('MANAGER','CLERK') AND
  3  SAL BETWEEN 1500 AND 3000  AND
  4  HIREDATE LIKE '%81' AND
  5  DEPTNO NOT IN(10,20);


